---
source: src/widgets/text.rs
expression: buffer
---
Buffer {
    area: Rect { x: 0, y: 0, width: 40, height: 3 },
    content: [
        "String that is longer than the 40       ",
        "characters of the rectangle.            ",
        "                                        ",
    ],
    styles: [
        x: 0, y: 0, fg: Reset, bg: Reset, underline: Reset, modifier: NONE,
    ]
}
